// Jest Snapshot v1, https://goo.gl/fbAQLP

exports[`Home page matches snapshot 1`] = `
<DocumentFragment>
  <div
    class="container"
  >
    <section>
      <h2>
        Hey there
      </h2>
      <blockquote />
    </section>
  </div>
</DocumentFragment>
`;
